bigquery:
  outputs:
    env_execution:
      method: service-account
      project: exampleproject
      dataset: example-dataset
      keyfile: /var/keyfile.json
      timeout_seconds: 150
      priority: interactive
      location: us-west1
      threads: 1
      retries: 1
      type: bigquery
  target: env_execution
