vars:
  datahub_path: "http://example.com/datahub/RaNdOmTe$T__PAHT"
