# Models copied from dbt's "starter project", from repository licensed under Apache-2.0 License:
# https://github.com/dbt-labs/dbt-core/tree/main/core/dbt/include/starter_project/models/example

version: 2

models:
  - name: my_first_dbt_model
    description: "A starter dbt model"
    columns:
      - name: id
        description: "The primary key for this table"
        tests:
          - unique
          - not_null

  - name: my_second_dbt_model
    description: "A starter dbt model"
    columns:
      - name: id
        description: "The primary key for this table"
        tests:
          - unique
          - not_null
