dags_path: "gcs://test/jinja/path/com/my/project/name"
