is_bi_enabled: True
bi_target: looker
is_bi_compile: True
is_bi_deploy: True