sink:
  config:
    server: "https://ingest.some-datahub-endpoint.co.uk:8080"
