variable1: 1337
var2: "Hello, world!"
envs:
  SOME_BOOLEAN: true
