repository: https://gitlab.com/getindata/dataops/some_repo.git
branch: main
username: "DataOps Teame"
email: dataops@getindata.com